Archive member included because of file (symbol)

c:/program files (x86)/atmel/atmel toolchain/avr8 gcc/native/3.4.1056/avr8-gnu-toolchain/bin/../lib/gcc/avr/4.8.1/avr5\libgcc.a(_udivmodhi4.o)
                              src/main.o (__udivmodhi4)
c:/program files (x86)/atmel/atmel toolchain/avr8 gcc/native/3.4.1056/avr8-gnu-toolchain/bin/../lib/gcc/avr/4.8.1/avr5\libgcc.a(_exit.o)
                              c:/program files (x86)/atmel/atmel toolchain/avr8 gcc/native/3.4.1056/avr8-gnu-toolchain/bin/../lib/gcc/avr/4.8.1/../../../../avr/lib/avr5/crtm328.o (exit)
c:/program files (x86)/atmel/atmel toolchain/avr8 gcc/native/3.4.1056/avr8-gnu-toolchain/bin/../lib/gcc/avr/4.8.1/avr5\libgcc.a(_copy_data.o)
                              src/main.o (__do_copy_data)
c:/program files (x86)/atmel/atmel toolchain/avr8 gcc/native/3.4.1056/avr8-gnu-toolchain/bin/../lib/gcc/avr/4.8.1/avr5\libgcc.a(_umulhisi3.o)
                              src/main.o (__umulhisi3)

Discarded input sections

 .bss           0x00000000        0x0 c:/program files (x86)/atmel/atmel toolchain/avr8 gcc/native/3.4.1056/avr8-gnu-toolchain/bin/../lib/gcc/avr/4.8.1/../../../../avr/lib/avr5/crtm328.o
 .group         0x00000000        0x8 src/DHT22.o
 .group         0x00000000        0x8 src/DHT22.o
 .group         0x00000000        0x8 src/DHT22.o
 .group         0x00000000        0x8 src/DHT22.o
 .group         0x00000000        0x8 src/DHT22.o
 .group         0x00000000        0x8 src/DHT22.o
 .group         0x00000000        0x8 src/DHT22.o
 .group         0x00000000        0x8 src/DHT22.o
 .group         0x00000000        0x8 src/DHT22.o
 .group         0x00000000        0x8 src/DHT22.o
 .group         0x00000000        0x8 src/DHT22.o
 .group         0x00000000        0x8 src/DHT22.o
 .group         0x00000000        0x8 src/DHT22.o
 .group         0x00000000        0x8 src/DHT22.o
 .text          0x00000000        0x0 src/DHT22.o
 .bss           0x00000000        0x0 src/DHT22.o
 .text.readDHT22
                0x00000000      0x1ba src/DHT22.o
 .group         0x00000000        0x8 src/n3310_lcd.o
 .group         0x00000000        0x8 src/n3310_lcd.o
 .group         0x00000000        0x8 src/n3310_lcd.o
 .group         0x00000000        0x8 src/n3310_lcd.o
 .group         0x00000000        0x8 src/n3310_lcd.o
 .group         0x00000000        0x8 src/n3310_lcd.o
 .group         0x00000000        0x8 src/n3310_lcd.o
 .group         0x00000000        0x8 src/n3310_lcd.o
 .group         0x00000000        0x8 src/n3310_lcd.o
 .group         0x00000000        0x8 src/n3310_lcd.o
 .group         0x00000000        0x8 src/n3310_lcd.o
 .group         0x00000000        0x8 src/n3310_lcd.o
 .group         0x00000000        0x8 src/n3310_lcd.o
 .group         0x00000000        0x8 src/n3310_lcd.o
 .group         0x00000000        0x8 src/n3310_lcd.o
 .group         0x00000000        0x8 src/n3310_lcd.o
 .text          0x00000000        0x0 src/n3310_lcd.o
 .bss           0x00000000        0x0 src/n3310_lcd.o
 .text.LCD_draw_bmp_pixel
                0x00000000       0xb0 src/n3310_lcd.o
 .text.LCD_OFF  0x00000000        0xa src/n3310_lcd.o
 .debug_macro   0x00000000      0xa2a src/n3310_lcd.o
 .debug_macro   0x00000000      0x1ad src/n3310_lcd.o
 .debug_macro   0x00000000      0x293 src/n3310_lcd.o
 .debug_macro   0x00000000     0x13a7 src/n3310_lcd.o
 .debug_macro   0x00000000      0x13a src/n3310_lcd.o
 .debug_macro   0x00000000       0xbd src/n3310_lcd.o
 .debug_macro   0x00000000       0x34 src/n3310_lcd.o
 .debug_macro   0x00000000       0x18 src/n3310_lcd.o
 .debug_macro   0x00000000       0x6c src/n3310_lcd.o
 .group         0x00000000        0x8 src/ASF/mega/boards/stk600/rcx_x/init.o
 .group         0x00000000        0x8 src/ASF/mega/boards/stk600/rcx_x/init.o
 .group         0x00000000        0x8 src/ASF/mega/boards/stk600/rcx_x/init.o
 .group         0x00000000        0x8 src/ASF/mega/boards/stk600/rcx_x/init.o
 .group         0x00000000        0x8 src/ASF/mega/boards/stk600/rcx_x/init.o
 .group         0x00000000        0x8 src/ASF/mega/boards/stk600/rcx_x/init.o
 .group         0x00000000        0x8 src/ASF/mega/boards/stk600/rcx_x/init.o
 .group         0x00000000        0x8 src/ASF/mega/boards/stk600/rcx_x/init.o
 .group         0x00000000        0x8 src/ASF/mega/boards/stk600/rcx_x/init.o
 .group         0x00000000        0x8 src/ASF/mega/boards/stk600/rcx_x/init.o
 .group         0x00000000        0x8 src/ASF/mega/boards/stk600/rcx_x/init.o
 .group         0x00000000        0x8 src/ASF/mega/boards/stk600/rcx_x/init.o
 .group         0x00000000        0x8 src/ASF/mega/boards/stk600/rcx_x/init.o
 .group         0x00000000        0x8 src/ASF/mega/boards/stk600/rcx_x/init.o
 .group         0x00000000        0x8 src/ASF/mega/boards/stk600/rcx_x/init.o
 .group         0x00000000        0x8 src/ASF/mega/boards/stk600/rcx_x/init.o
 .group         0x00000000        0x8 src/ASF/mega/boards/stk600/rcx_x/init.o
 .group         0x00000000        0x8 src/ASF/mega/boards/stk600/rcx_x/init.o
 .group         0x00000000        0x8 src/ASF/mega/boards/stk600/rcx_x/init.o
 .group         0x00000000        0x8 src/ASF/mega/boards/stk600/rcx_x/init.o
 .group         0x00000000        0x8 src/ASF/mega/boards/stk600/rcx_x/init.o
 .group         0x00000000        0x8 src/ASF/mega/boards/stk600/rcx_x/init.o
 .group         0x00000000        0x8 src/ASF/mega/boards/stk600/rcx_x/init.o
 .group         0x00000000        0x8 src/ASF/mega/boards/stk600/rcx_x/init.o
 .group         0x00000000        0x8 src/ASF/mega/boards/stk600/rcx_x/init.o
 .text          0x00000000        0x0 src/ASF/mega/boards/stk600/rcx_x/init.o
 .bss           0x00000000        0x0 src/ASF/mega/boards/stk600/rcx_x/init.o
 .text.board_init
                0x00000000        0x2 src/ASF/mega/boards/stk600/rcx_x/init.o
 .debug_macro   0x00000000      0xa2a src/ASF/mega/boards/stk600/rcx_x/init.o
 .debug_macro   0x00000000       0x10 src/ASF/mega/boards/stk600/rcx_x/init.o
 .debug_macro   0x00000000      0x1ad src/ASF/mega/boards/stk600/rcx_x/init.o
 .debug_macro   0x00000000      0x293 src/ASF/mega/boards/stk600/rcx_x/init.o
 .debug_macro   0x00000000       0x9e src/ASF/mega/boards/stk600/rcx_x/init.o
 .debug_macro   0x00000000     0x13a7 src/ASF/mega/boards/stk600/rcx_x/init.o
 .debug_macro   0x00000000      0x13a src/ASF/mega/boards/stk600/rcx_x/init.o
 .debug_macro   0x00000000       0xbd src/ASF/mega/boards/stk600/rcx_x/init.o
 .debug_macro   0x00000000       0x34 src/ASF/mega/boards/stk600/rcx_x/init.o
 .debug_macro   0x00000000       0x18 src/ASF/mega/boards/stk600/rcx_x/init.o
 .debug_macro   0x00000000       0x6c src/ASF/mega/boards/stk600/rcx_x/init.o
 .debug_macro   0x00000000       0x10 src/ASF/mega/boards/stk600/rcx_x/init.o
 .group         0x00000000        0x8 src/main.o
 .group         0x00000000        0x8 src/main.o
 .group         0x00000000        0x8 src/main.o
 .group         0x00000000        0x8 src/main.o
 .group         0x00000000        0x8 src/main.o
 .group         0x00000000        0x8 src/main.o
 .group         0x00000000        0x8 src/main.o
 .group         0x00000000        0x8 src/main.o
 .group         0x00000000        0x8 src/main.o
 .group         0x00000000        0x8 src/main.o
 .group         0x00000000        0x8 src/main.o
 .group         0x00000000        0x8 src/main.o
 .group         0x00000000        0x8 src/main.o
 .group         0x00000000        0x8 src/main.o
 .group         0x00000000        0x8 src/main.o
 .group         0x00000000        0x8 src/main.o
 .group         0x00000000        0x8 src/main.o
 .group         0x00000000        0x8 src/main.o
 .group         0x00000000        0x8 src/main.o
 .group         0x00000000        0x8 src/main.o
 .group         0x00000000        0x8 src/main.o
 .group         0x00000000        0x8 src/main.o
 .group         0x00000000        0x8 src/main.o
 .group         0x00000000        0x8 src/main.o
 .group         0x00000000        0x8 src/main.o
 .group         0x00000000        0x8 src/main.o
 .text          0x00000000        0x0 src/main.o
 .bss           0x00000000        0x0 src/main.o
 .debug_macro   0x00000000      0xa2a src/main.o
 .debug_macro   0x00000000       0x10 src/main.o
 .debug_macro   0x00000000      0x1ad src/main.o
 .debug_macro   0x00000000      0x293 src/main.o
 .debug_macro   0x00000000       0x9e src/main.o
 .debug_macro   0x00000000     0x13a7 src/main.o
 .debug_macro   0x00000000      0x13a src/main.o
 .debug_macro   0x00000000       0xbd src/main.o
 .debug_macro   0x00000000       0x34 src/main.o
 .debug_macro   0x00000000       0x18 src/main.o
 .debug_macro   0x00000000       0x6c src/main.o
 .debug_macro   0x00000000       0x69 src/main.o
 .debug_macro   0x00000000       0x1c src/main.o
 .debug_macro   0x00000000       0x66 src/main.o
 .debug_macro   0x00000000       0x40 src/main.o
 .debug_macro   0x00000000       0x10 src/main.o
 .debug_macro   0x00000000       0x10 src/main.o
 .debug_macro   0x00000000       0x28 src/main.o
 .text          0x00000000        0x0 c:/program files (x86)/atmel/atmel toolchain/avr8 gcc/native/3.4.1056/avr8-gnu-toolchain/bin/../lib/gcc/avr/4.8.1/avr5\libgcc.a(_udivmodhi4.o)
 .bss           0x00000000        0x0 c:/program files (x86)/atmel/atmel toolchain/avr8 gcc/native/3.4.1056/avr8-gnu-toolchain/bin/../lib/gcc/avr/4.8.1/avr5\libgcc.a(_udivmodhi4.o)
 .text.libgcc.mul
                0x00000000        0x0 c:/program files (x86)/atmel/atmel toolchain/avr8 gcc/native/3.4.1056/avr8-gnu-toolchain/bin/../lib/gcc/avr/4.8.1/avr5\libgcc.a(_udivmodhi4.o)
 .text.libgcc   0x00000000        0x0 c:/program files (x86)/atmel/atmel toolchain/avr8 gcc/native/3.4.1056/avr8-gnu-toolchain/bin/../lib/gcc/avr/4.8.1/avr5\libgcc.a(_udivmodhi4.o)
 .text.libgcc.prologue
                0x00000000        0x0 c:/program files (x86)/atmel/atmel toolchain/avr8 gcc/native/3.4.1056/avr8-gnu-toolchain/bin/../lib/gcc/avr/4.8.1/avr5\libgcc.a(_udivmodhi4.o)
 .text.libgcc.builtins
                0x00000000        0x0 c:/program files (x86)/atmel/atmel toolchain/avr8 gcc/native/3.4.1056/avr8-gnu-toolchain/bin/../lib/gcc/avr/4.8.1/avr5\libgcc.a(_udivmodhi4.o)
 .text.libgcc.fmul
                0x00000000        0x0 c:/program files (x86)/atmel/atmel toolchain/avr8 gcc/native/3.4.1056/avr8-gnu-toolchain/bin/../lib/gcc/avr/4.8.1/avr5\libgcc.a(_udivmodhi4.o)
 .text.libgcc.fixed
                0x00000000        0x0 c:/program files (x86)/atmel/atmel toolchain/avr8 gcc/native/3.4.1056/avr8-gnu-toolchain/bin/../lib/gcc/avr/4.8.1/avr5\libgcc.a(_udivmodhi4.o)
 .text          0x00000000        0x0 c:/program files (x86)/atmel/atmel toolchain/avr8 gcc/native/3.4.1056/avr8-gnu-toolchain/bin/../lib/gcc/avr/4.8.1/avr5\libgcc.a(_exit.o)
 .bss           0x00000000        0x0 c:/program files (x86)/atmel/atmel toolchain/avr8 gcc/native/3.4.1056/avr8-gnu-toolchain/bin/../lib/gcc/avr/4.8.1/avr5\libgcc.a(_exit.o)
 .text.libgcc.mul
                0x00000000        0x0 c:/program files (x86)/atmel/atmel toolchain/avr8 gcc/native/3.4.1056/avr8-gnu-toolchain/bin/../lib/gcc/avr/4.8.1/avr5\libgcc.a(_exit.o)
 .text.libgcc.div
                0x00000000        0x0 c:/program files (x86)/atmel/atmel toolchain/avr8 gcc/native/3.4.1056/avr8-gnu-toolchain/bin/../lib/gcc/avr/4.8.1/avr5\libgcc.a(_exit.o)
 .text.libgcc   0x00000000        0x0 c:/program files (x86)/atmel/atmel toolchain/avr8 gcc/native/3.4.1056/avr8-gnu-toolchain/bin/../lib/gcc/avr/4.8.1/avr5\libgcc.a(_exit.o)
 .text.libgcc.prologue
                0x00000000        0x0 c:/program files (x86)/atmel/atmel toolchain/avr8 gcc/native/3.4.1056/avr8-gnu-toolchain/bin/../lib/gcc/avr/4.8.1/avr5\libgcc.a(_exit.o)
 .text.libgcc.builtins
                0x00000000        0x0 c:/program files (x86)/atmel/atmel toolchain/avr8 gcc/native/3.4.1056/avr8-gnu-toolchain/bin/../lib/gcc/avr/4.8.1/avr5\libgcc.a(_exit.o)
 .text.libgcc.fmul
                0x00000000        0x0 c:/program files (x86)/atmel/atmel toolchain/avr8 gcc/native/3.4.1056/avr8-gnu-toolchain/bin/../lib/gcc/avr/4.8.1/avr5\libgcc.a(_exit.o)
 .text.libgcc.fixed
                0x00000000        0x0 c:/program files (x86)/atmel/atmel toolchain/avr8 gcc/native/3.4.1056/avr8-gnu-toolchain/bin/../lib/gcc/avr/4.8.1/avr5\libgcc.a(_exit.o)
 .text          0x00000000        0x0 c:/program files (x86)/atmel/atmel toolchain/avr8 gcc/native/3.4.1056/avr8-gnu-toolchain/bin/../lib/gcc/avr/4.8.1/avr5\libgcc.a(_copy_data.o)
 .bss           0x00000000        0x0 c:/program files (x86)/atmel/atmel toolchain/avr8 gcc/native/3.4.1056/avr8-gnu-toolchain/bin/../lib/gcc/avr/4.8.1/avr5\libgcc.a(_copy_data.o)
 .text.libgcc.mul
                0x00000000        0x0 c:/program files (x86)/atmel/atmel toolchain/avr8 gcc/native/3.4.1056/avr8-gnu-toolchain/bin/../lib/gcc/avr/4.8.1/avr5\libgcc.a(_copy_data.o)
 .text.libgcc.div
                0x00000000        0x0 c:/program files (x86)/atmel/atmel toolchain/avr8 gcc/native/3.4.1056/avr8-gnu-toolchain/bin/../lib/gcc/avr/4.8.1/avr5\libgcc.a(_copy_data.o)
 .text.libgcc   0x00000000        0x0 c:/program files (x86)/atmel/atmel toolchain/avr8 gcc/native/3.4.1056/avr8-gnu-toolchain/bin/../lib/gcc/avr/4.8.1/avr5\libgcc.a(_copy_data.o)
 .text.libgcc.prologue
                0x00000000        0x0 c:/program files (x86)/atmel/atmel toolchain/avr8 gcc/native/3.4.1056/avr8-gnu-toolchain/bin/../lib/gcc/avr/4.8.1/avr5\libgcc.a(_copy_data.o)
 .text.libgcc.builtins
                0x00000000        0x0 c:/program files (x86)/atmel/atmel toolchain/avr8 gcc/native/3.4.1056/avr8-gnu-toolchain/bin/../lib/gcc/avr/4.8.1/avr5\libgcc.a(_copy_data.o)
 .text.libgcc.fmul
                0x00000000        0x0 c:/program files (x86)/atmel/atmel toolchain/avr8 gcc/native/3.4.1056/avr8-gnu-toolchain/bin/../lib/gcc/avr/4.8.1/avr5\libgcc.a(_copy_data.o)
 .text.libgcc.fixed
                0x00000000        0x0 c:/program files (x86)/atmel/atmel toolchain/avr8 gcc/native/3.4.1056/avr8-gnu-toolchain/bin/../lib/gcc/avr/4.8.1/avr5\libgcc.a(_copy_data.o)
 .text          0x00000000        0x0 c:/program files (x86)/atmel/atmel toolchain/avr8 gcc/native/3.4.1056/avr8-gnu-toolchain/bin/../lib/gcc/avr/4.8.1/avr5\libgcc.a(_umulhisi3.o)
 .bss           0x00000000        0x0 c:/program files (x86)/atmel/atmel toolchain/avr8 gcc/native/3.4.1056/avr8-gnu-toolchain/bin/../lib/gcc/avr/4.8.1/avr5\libgcc.a(_umulhisi3.o)
 .text.libgcc.div
                0x00000000        0x0 c:/program files (x86)/atmel/atmel toolchain/avr8 gcc/native/3.4.1056/avr8-gnu-toolchain/bin/../lib/gcc/avr/4.8.1/avr5\libgcc.a(_umulhisi3.o)
 .text.libgcc   0x00000000        0x0 c:/program files (x86)/atmel/atmel toolchain/avr8 gcc/native/3.4.1056/avr8-gnu-toolchain/bin/../lib/gcc/avr/4.8.1/avr5\libgcc.a(_umulhisi3.o)
 .text.libgcc.prologue
                0x00000000        0x0 c:/program files (x86)/atmel/atmel toolchain/avr8 gcc/native/3.4.1056/avr8-gnu-toolchain/bin/../lib/gcc/avr/4.8.1/avr5\libgcc.a(_umulhisi3.o)
 .text.libgcc.builtins
                0x00000000        0x0 c:/program files (x86)/atmel/atmel toolchain/avr8 gcc/native/3.4.1056/avr8-gnu-toolchain/bin/../lib/gcc/avr/4.8.1/avr5\libgcc.a(_umulhisi3.o)
 .text.libgcc.fmul
                0x00000000        0x0 c:/program files (x86)/atmel/atmel toolchain/avr8 gcc/native/3.4.1056/avr8-gnu-toolchain/bin/../lib/gcc/avr/4.8.1/avr5\libgcc.a(_umulhisi3.o)
 .text.libgcc.fixed
                0x00000000        0x0 c:/program files (x86)/atmel/atmel toolchain/avr8 gcc/native/3.4.1056/avr8-gnu-toolchain/bin/../lib/gcc/avr/4.8.1/avr5\libgcc.a(_umulhisi3.o)

Memory Configuration

Name             Origin             Length             Attributes
text             0x00000000         0x00020000         xr
data             0x00800060         0x0000ffa0         rw !x
eeprom           0x00810000         0x00010000         rw !x
fuse             0x00820000         0x00000400         rw !x
lock             0x00830000         0x00000400         rw !x
signature        0x00840000         0x00000400         rw !x
user_signatures  0x00850000         0x00000400         rw !x
*default*        0x00000000         0xffffffff

Linker script and memory map

Address of section .data set to 0x800100
LOAD c:/program files (x86)/atmel/atmel toolchain/avr8 gcc/native/3.4.1056/avr8-gnu-toolchain/bin/../lib/gcc/avr/4.8.1/../../../../avr/lib/avr5/crtm328.o
LOAD src/DHT22.o
LOAD src/n3310_lcd.o
LOAD src/ASF/mega/boards/stk600/rcx_x/init.o
LOAD src/main.o
START GROUP
LOAD c:/program files (x86)/atmel/atmel toolchain/avr8 gcc/native/3.4.1056/avr8-gnu-toolchain/bin/../lib/gcc/avr/4.8.1/../../../../avr/lib/avr5\libm.a
END GROUP
START GROUP
LOAD c:/program files (x86)/atmel/atmel toolchain/avr8 gcc/native/3.4.1056/avr8-gnu-toolchain/bin/../lib/gcc/avr/4.8.1/avr5\libgcc.a
LOAD c:/program files (x86)/atmel/atmel toolchain/avr8 gcc/native/3.4.1056/avr8-gnu-toolchain/bin/../lib/gcc/avr/4.8.1/../../../../avr/lib/avr5\libm.a
LOAD c:/program files (x86)/atmel/atmel toolchain/avr8 gcc/native/3.4.1056/avr8-gnu-toolchain/bin/../lib/gcc/avr/4.8.1/../../../../avr/lib/avr5\libc.a
END GROUP

.hash
 *(.hash)

.dynsym
 *(.dynsym)

.dynstr
 *(.dynstr)

.gnu.version
 *(.gnu.version)

.gnu.version_d
 *(.gnu.version_d)

.gnu.version_r
 *(.gnu.version_r)

.rel.init
 *(.rel.init)

.rela.init
 *(.rela.init)

.rel.text
 *(.rel.text)
 *(.rel.text.*)
 *(.rel.gnu.linkonce.t*)

.rela.text
 *(.rela.text)
 *(.rela.text.*)
 *(.rela.gnu.linkonce.t*)

.rel.fini
 *(.rel.fini)

.rela.fini
 *(.rela.fini)

.rel.rodata
 *(.rel.rodata)
 *(.rel.rodata.*)
 *(.rel.gnu.linkonce.r*)

.rela.rodata
 *(.rela.rodata)
 *(.rela.rodata.*)
 *(.rela.gnu.linkonce.r*)

.rel.data
 *(.rel.data)
 *(.rel.data.*)
 *(.rel.gnu.linkonce.d*)

.rela.data
 *(.rela.data)
 *(.rela.data.*)
 *(.rela.gnu.linkonce.d*)

.rel.ctors
 *(.rel.ctors)

.rela.ctors
 *(.rela.ctors)

.rel.dtors
 *(.rel.dtors)

.rela.dtors
 *(.rela.dtors)

.rel.got
 *(.rel.got)

.rela.got
 *(.rela.got)

.rel.bss
 *(.rel.bss)

.rela.bss
 *(.rela.bss)

.rel.plt
 *(.rel.plt)

.rela.plt
 *(.rela.plt)

.text           0x00000000      0x946
 *(.vectors)
 .vectors       0x00000000       0x68 c:/program files (x86)/atmel/atmel toolchain/avr8 gcc/native/3.4.1056/avr8-gnu-toolchain/bin/../lib/gcc/avr/4.8.1/../../../../avr/lib/avr5/crtm328.o
                0x00000000                __vector_default
                0x00000000                __vectors
 *(.vectors)
 *(.progmem.gcc*)
                0x00000068                . = ALIGN (0x2)
                0x00000068                __trampolines_start = .
 *(.trampolines)
 .trampolines   0x00000068        0x0 linker stubs
 *(.trampolines*)
                0x00000068                __trampolines_end = .
 *(.progmem*)
 .progmem.data.big_number
                0x00000068      0x2a0 src/n3310_lcd.o
                0x00000068                big_number
 .progmem.data.font6_8
                0x00000308      0x228 src/n3310_lcd.o
                0x00000308                font6_8
                0x00000530                . = ALIGN (0x2)
 *(.jumptables)
 *(.jumptables*)
 *(.lowtext)
 *(.lowtext*)
                0x00000530                __ctors_start = .
 *(.ctors)
                0x00000530                __ctors_end = .
                0x00000530                __dtors_start = .
 *(.dtors)
                0x00000530                __dtors_end = .
 SORT(*)(.ctors)
 SORT(*)(.dtors)
 *(.init0)
 .init0         0x00000530        0x0 c:/program files (x86)/atmel/atmel toolchain/avr8 gcc/native/3.4.1056/avr8-gnu-toolchain/bin/../lib/gcc/avr/4.8.1/../../../../avr/lib/avr5/crtm328.o
                0x00000530                __init
 *(.init0)
 *(.init1)
 *(.init1)
 *(.init2)
 .init2         0x00000530        0xc c:/program files (x86)/atmel/atmel toolchain/avr8 gcc/native/3.4.1056/avr8-gnu-toolchain/bin/../lib/gcc/avr/4.8.1/../../../../avr/lib/avr5/crtm328.o
 *(.init2)
 *(.init3)
 *(.init3)
 *(.init4)
 .init4         0x0000053c       0x16 c:/program files (x86)/atmel/atmel toolchain/avr8 gcc/native/3.4.1056/avr8-gnu-toolchain/bin/../lib/gcc/avr/4.8.1/avr5\libgcc.a(_copy_data.o)
                0x0000053c                __do_copy_data
 *(.init4)
 *(.init5)
 *(.init5)
 *(.init6)
 *(.init6)
 *(.init7)
 *(.init7)
 *(.init8)
 *(.init8)
 *(.init9)
 .init9         0x00000552        0x4 c:/program files (x86)/atmel/atmel toolchain/avr8 gcc/native/3.4.1056/avr8-gnu-toolchain/bin/../lib/gcc/avr/4.8.1/../../../../avr/lib/avr5/crtm328.o
 *(.init9)
 *(.text)
 .text          0x00000556        0x2 c:/program files (x86)/atmel/atmel toolchain/avr8 gcc/native/3.4.1056/avr8-gnu-toolchain/bin/../lib/gcc/avr/4.8.1/../../../../avr/lib/avr5/crtm328.o
                0x00000556                __vector_22
                0x00000556                __vector_1
                0x00000556                __vector_24
                0x00000556                __vector_12
                0x00000556                __bad_interrupt
                0x00000556                __vector_6
                0x00000556                __vector_3
                0x00000556                __vector_23
                0x00000556                __vector_25
                0x00000556                __vector_11
                0x00000556                __vector_13
                0x00000556                __vector_17
                0x00000556                __vector_19
                0x00000556                __vector_7
                0x00000556                __vector_5
                0x00000556                __vector_4
                0x00000556                __vector_9
                0x00000556                __vector_2
                0x00000556                __vector_21
                0x00000556                __vector_15
                0x00000556                __vector_8
                0x00000556                __vector_14
                0x00000556                __vector_10
                0x00000556                __vector_16
                0x00000556                __vector_18
                0x00000556                __vector_20
                0x00000558                . = ALIGN (0x2)
 *(.text.*)
 .text.LCD_write_byte
                0x00000558       0x1a src/n3310_lcd.o
                0x00000558                LCD_write_byte
 .text.LCD_write_char
                0x00000572       0x4a src/n3310_lcd.o
                0x00000572                LCD_write_char
 .text.LCD_set_XY
                0x000005bc       0x18 src/n3310_lcd.o
                0x000005bc                LCD_set_XY
 .text.LCD_write_string
                0x000005d4       0x26 src/n3310_lcd.o
                0x000005d4                LCD_write_string
 .text.LCD_write_char_big
                0x000005fa       0xa8 src/n3310_lcd.o
                0x000005fa                LCD_write_char_big
 .text.LCD_write_string_big
                0x000006a2       0x4e src/n3310_lcd.o
                0x000006a2                LCD_write_string_big
 .text.LCD_clear
                0x000006f0       0x26 src/n3310_lcd.o
                0x000006f0                LCD_clear
 .text.LCD_init
                0x00000716       0x56 src/n3310_lcd.o
                0x00000716                LCD_init
 .text.adc_init
                0x0000076c       0x22 src/main.o
                0x0000076c                adc_init
 .text.read_adc
                0x0000078e       0x2a src/main.o
                0x0000078e                read_adc
 .text.main     0x000007b8      0x144 src/main.o
                0x000007b8                main
 .text.libgcc.div
                0x000008fc       0x28 c:/program files (x86)/atmel/atmel toolchain/avr8 gcc/native/3.4.1056/avr8-gnu-toolchain/bin/../lib/gcc/avr/4.8.1/avr5\libgcc.a(_udivmodhi4.o)
                0x000008fc                __udivmodhi4
 .text.libgcc.mul
                0x00000924       0x1e c:/program files (x86)/atmel/atmel toolchain/avr8 gcc/native/3.4.1056/avr8-gnu-toolchain/bin/../lib/gcc/avr/4.8.1/avr5\libgcc.a(_umulhisi3.o)
                0x00000924                __umulhisi3
                0x00000942                . = ALIGN (0x2)
 *(.fini9)
 .fini9         0x00000942        0x0 c:/program files (x86)/atmel/atmel toolchain/avr8 gcc/native/3.4.1056/avr8-gnu-toolchain/bin/../lib/gcc/avr/4.8.1/avr5\libgcc.a(_exit.o)
                0x00000942                _exit
                0x00000942                exit
 *(.fini9)
 *(.fini8)
 *(.fini8)
 *(.fini7)
 *(.fini7)
 *(.fini6)
 *(.fini6)
 *(.fini5)
 *(.fini5)
 *(.fini4)
 *(.fini4)
 *(.fini3)
 *(.fini3)
 *(.fini2)
 *(.fini2)
 *(.fini1)
 *(.fini1)
 *(.fini0)
 .fini0         0x00000942        0x4 c:/program files (x86)/atmel/atmel toolchain/avr8 gcc/native/3.4.1056/avr8-gnu-toolchain/bin/../lib/gcc/avr/4.8.1/avr5\libgcc.a(_exit.o)
 *(.fini0)
                0x00000946                _etext = .

.data           0x00800100       0x1e load address 0x00000946
                0x00800100                PROVIDE (__data_start, .)
 *(.data)
 .data          0x00800100        0x0 c:/program files (x86)/atmel/atmel toolchain/avr8 gcc/native/3.4.1056/avr8-gnu-toolchain/bin/../lib/gcc/avr/4.8.1/../../../../avr/lib/avr5/crtm328.o
 .data          0x00800100        0x0 src/DHT22.o
 .data          0x00800100        0x0 src/n3310_lcd.o
 .data          0x00800100        0x0 src/ASF/mega/boards/stk600/rcx_x/init.o
 .data          0x00800100        0x0 src/main.o
 .data          0x00800100        0x0 c:/program files (x86)/atmel/atmel toolchain/avr8 gcc/native/3.4.1056/avr8-gnu-toolchain/bin/../lib/gcc/avr/4.8.1/avr5\libgcc.a(_udivmodhi4.o)
 .data          0x00800100        0x0 c:/program files (x86)/atmel/atmel toolchain/avr8 gcc/native/3.4.1056/avr8-gnu-toolchain/bin/../lib/gcc/avr/4.8.1/avr5\libgcc.a(_exit.o)
 .data          0x00800100        0x0 c:/program files (x86)/atmel/atmel toolchain/avr8 gcc/native/3.4.1056/avr8-gnu-toolchain/bin/../lib/gcc/avr/4.8.1/avr5\libgcc.a(_copy_data.o)
 .data          0x00800100        0x0 c:/program files (x86)/atmel/atmel toolchain/avr8 gcc/native/3.4.1056/avr8-gnu-toolchain/bin/../lib/gcc/avr/4.8.1/avr5\libgcc.a(_umulhisi3.o)
 *(.data*)
 *(.rodata)
 *(.rodata*)
 .rodata.str1.1
                0x00800100       0x1d src/main.o
 *(.gnu.linkonce.d*)
                0x0080011e                . = ALIGN (0x2)
 *fill*         0x0080011d        0x1 
                0x0080011e                _edata = .
                0x0080011e                PROVIDE (__data_end, .)

.bss            0x0080011e        0x0
                0x0080011e                PROVIDE (__bss_start, .)
 *(.bss)
 *(.bss*)
 *(COMMON)
                0x0080011e                PROVIDE (__bss_end, .)
                0x00000946                __data_load_start = LOADADDR (.data)
                0x00000964                __data_load_end = (__data_load_start + SIZEOF (.data))

.noinit         0x0080011e        0x0
                0x0080011e                PROVIDE (__noinit_start, .)
 *(.noinit*)
                0x0080011e                PROVIDE (__noinit_end, .)
                0x0080011e                _end = .
                0x0080011e                PROVIDE (__heap_start, .)

.eeprom         0x00810000        0x0
 *(.eeprom*)
                0x00810000                __eeprom_end = .

.fuse
 *(.fuse)
 *(.lfuse)
 *(.hfuse)
 *(.efuse)

.lock
 *(.lock*)

.signature
 *(.signature*)

.user_signatures
 *(.user_signatures*)

.stab
 *(.stab)

.stabstr
 *(.stabstr)

.stab.excl
 *(.stab.excl)

.stab.exclstr
 *(.stab.exclstr)

.stab.index
 *(.stab.index)

.stab.indexstr
 *(.stab.indexstr)

.comment        0x00000000       0x30
 *(.comment)
 .comment       0x00000000       0x30 src/DHT22.o
                                 0x31 (size before relaxing)
 .comment       0x00000000       0x31 src/n3310_lcd.o
 .comment       0x00000000       0x31 src/ASF/mega/boards/stk600/rcx_x/init.o
 .comment       0x00000000       0x31 src/main.o

.note.gnu.build-id
 *(.note.gnu.build-id)

.debug
 *(.debug)

.line
 *(.line)

.debug_srcinfo
 *(.debug_srcinfo)

.debug_sfnames
 *(.debug_sfnames)

.debug_aranges  0x00000000       0xd8
 *(.debug_aranges)
 .debug_aranges
                0x00000000       0x20 src/DHT22.o
 .debug_aranges
                0x00000020       0x68 src/n3310_lcd.o
 .debug_aranges
                0x00000088       0x20 src/ASF/mega/boards/stk600/rcx_x/init.o
 .debug_aranges
                0x000000a8       0x30 src/main.o

.debug_pubnames
 *(.debug_pubnames)

.debug_info     0x00000000      0xda8
 *(.debug_info .gnu.linkonce.wi.*)
 .debug_info    0x00000000      0x3bc src/DHT22.o
 .debug_info    0x000003bc      0x646 src/n3310_lcd.o
 .debug_info    0x00000a02       0x7c src/ASF/mega/boards/stk600/rcx_x/init.o
 .debug_info    0x00000a7e      0x32a src/main.o

.debug_abbrev   0x00000000      0x531
 *(.debug_abbrev)
 .debug_abbrev  0x00000000      0x152 src/DHT22.o
 .debug_abbrev  0x00000152      0x1ac src/n3310_lcd.o
 .debug_abbrev  0x000002fe       0x47 src/ASF/mega/boards/stk600/rcx_x/init.o
 .debug_abbrev  0x00000345      0x1ec src/main.o

.debug_line     0x00000000     0x1137
 *(.debug_line .debug_line.* .debug_line_end)
 .debug_line    0x00000000      0x418 src/DHT22.o
 .debug_line    0x00000418      0x5bc src/n3310_lcd.o
 .debug_line    0x000009d4      0x346 src/ASF/mega/boards/stk600/rcx_x/init.o
 .debug_line    0x00000d1a      0x41d src/main.o

.debug_frame    0x00000000      0x28c
 *(.debug_frame)
 .debug_frame   0x00000000       0x68 src/DHT22.o
 .debug_frame   0x00000068      0x1ac src/n3310_lcd.o
 .debug_frame   0x00000214       0x24 src/ASF/mega/boards/stk600/rcx_x/init.o
 .debug_frame   0x00000238       0x54 src/main.o

.debug_str      0x00000000     0xead8
 *(.debug_str)
 .debug_str     0x00000000     0x6966 src/DHT22.o
                               0x6a1e (size before relaxing)
 .debug_str     0x00006966     0x1564 src/n3310_lcd.o
                               0x79ed (size before relaxing)
 .debug_str     0x00007eca     0x6133 src/ASF/mega/boards/stk600/rcx_x/init.o
                               0xd981 (size before relaxing)
 .debug_str     0x0000dffd      0xadb src/main.o
                               0x7c72 (size before relaxing)

.debug_loc      0x00000000     0x1262
 *(.debug_loc)
 .debug_loc     0x00000000      0x7b7 src/DHT22.o
 .debug_loc     0x000007b7      0x9ae src/n3310_lcd.o
 .debug_loc     0x00001165       0xfd src/main.o

.debug_macinfo
 *(.debug_macinfo)

.debug_weaknames
 *(.debug_weaknames)

.debug_funcnames
 *(.debug_funcnames)

.debug_typenames
 *(.debug_typenames)

.debug_varnames
 *(.debug_varnames)

.debug_pubtypes
 *(.debug_pubtypes)

.debug_ranges   0x00000000       0xd0
 *(.debug_ranges)
 .debug_ranges  0x00000000       0x10 src/DHT22.o
 .debug_ranges  0x00000010       0x70 src/n3310_lcd.o
 .debug_ranges  0x00000080       0x10 src/ASF/mega/boards/stk600/rcx_x/init.o
 .debug_ranges  0x00000090       0x40 src/main.o

.debug_macro    0x00000000     0x3e25
 *(.debug_macro)
 .debug_macro   0x00000000       0xb0 src/DHT22.o
 .debug_macro   0x000000b0      0xa2a src/DHT22.o
 .debug_macro   0x00000ada       0x10 src/DHT22.o
 .debug_macro   0x00000aea       0x10 src/DHT22.o
 .debug_macro   0x00000afa      0x1ad src/DHT22.o
 .debug_macro   0x00000ca7      0x293 src/DHT22.o
 .debug_macro   0x00000f3a      0x16d src/DHT22.o
 .debug_macro   0x000010a7       0xaa src/DHT22.o
 .debug_macro   0x00001151     0x13a7 src/DHT22.o
 .debug_macro   0x000024f8      0x13a src/DHT22.o
 .debug_macro   0x00002632       0xbd src/DHT22.o
 .debug_macro   0x000026ef       0x34 src/DHT22.o
 .debug_macro   0x00002723       0x18 src/DHT22.o
 .debug_macro   0x0000273b       0x6c src/DHT22.o
 .debug_macro   0x000027a7       0x28 src/DHT22.o
 .debug_macro   0x000027cf       0xc6 src/n3310_lcd.o
 .debug_macro   0x00002895       0x10 src/n3310_lcd.o
 .debug_macro   0x000028a5       0x9e src/n3310_lcd.o
 .debug_macro   0x00002943       0x34 src/n3310_lcd.o
 .debug_macro   0x00002977       0x40 src/n3310_lcd.o
 .debug_macro   0x000029b7       0x10 src/n3310_lcd.o
 .debug_macro   0x000029c7       0x89 src/n3310_lcd.o
 .debug_macro   0x00002a50       0xee src/n3310_lcd.o
 .debug_macro   0x00002b3e      0x138 src/ASF/mega/boards/stk600/rcx_x/init.o
 .debug_macro   0x00002c76       0x22 src/ASF/mega/boards/stk600/rcx_x/init.o
 .debug_macro   0x00002c98      0x166 src/ASF/mega/boards/stk600/rcx_x/init.o
 .debug_macro   0x00002dfe       0x1c src/ASF/mega/boards/stk600/rcx_x/init.o
 .debug_macro   0x00002e1a       0x35 src/ASF/mega/boards/stk600/rcx_x/init.o
 .debug_macro   0x00002e4f       0x66 src/ASF/mega/boards/stk600/rcx_x/init.o
 .debug_macro   0x00002eb5      0x4ae src/ASF/mega/boards/stk600/rcx_x/init.o
 .debug_macro   0x00003363       0x44 src/ASF/mega/boards/stk600/rcx_x/init.o
 .debug_macro   0x000033a7       0x69 src/ASF/mega/boards/stk600/rcx_x/init.o
 .debug_macro   0x00003410       0x2c src/ASF/mega/boards/stk600/rcx_x/init.o
 .debug_macro   0x0000343c       0xe2 src/ASF/mega/boards/stk600/rcx_x/init.o
 .debug_macro   0x0000351e       0x40 src/ASF/mega/boards/stk600/rcx_x/init.o
 .debug_macro   0x0000355e      0x100 src/ASF/mega/boards/stk600/rcx_x/init.o
 .debug_macro   0x0000365e      0x231 src/ASF/mega/boards/stk600/rcx_x/init.o
 .debug_macro   0x0000388f      0x125 src/main.o
 .debug_macro   0x000039b4       0x73 src/main.o
 .debug_macro   0x00003a27      0x10e src/main.o
 .debug_macro   0x00003b35       0x58 src/main.o
 .debug_macro   0x00003b8d       0x10 src/main.o
 .debug_macro   0x00003b9d       0x20 src/main.o
 .debug_macro   0x00003bbd       0xeb src/main.o
 .debug_macro   0x00003ca8       0x16 src/main.o
 .debug_macro   0x00003cbe      0x167 src/main.o
OUTPUT(EnvMonitor.elf elf32-avr)
LOAD linker stubs
